nohup: ignoring input
PORT=63511
/usr/bin/python
/usr/bin/python
2.7.1
1.12.0
4.57.1
0.18.0
The following values were not passed to `accelerate launch` and had defaults used instead:
		More than one GPU was found, enabling multi-GPU training.
		If this was unintended please pass in `--num_processes=1`.
	`--num_machines` was set to a value of `1`
	`--dynamo_backend` was set to a value of `'no'`
To avoid this warning pass in values for each of the problematic parameters or run `accelerate config`.
Detected kernel version 5.4.210, which is below the recommended minimum of 5.5.0; this can cause the process to hang. It is recommended to upgrade the kernel to the minimum version or higher.
[sft-data] split=train records=5406 using=5376 dropped_tail=30 divisor=32
[sft-data] split=dev records=594 using=592 dropped_tail=2 divisor=4
`torch_dtype` is deprecated! Use `dtype` instead!
Loading checkpoint shards:   0%|          | 0/3 [00:00<?, ?it/s]Loading checkpoint shards:  67%|██████▋   | 2/3 [00:00<00:00, 11.35it/s]Loading checkpoint shards: 100%|██████████| 3/3 [00:00<00:00, 14.24it/s]
`torch_dtype` is deprecated! Use `dtype` instead!
Loading checkpoint shards:   0%|          | 0/3 [00:00<?, ?it/s]Loading checkpoint shards:  67%|██████▋   | 2/3 [00:00<00:00, 15.42it/s]Loading checkpoint shards: 100%|██████████| 3/3 [00:00<00:00, 19.03it/s]
n213-017-130:4193:4193 [0] NCCL INFO NCCL_SOCKET_FAMILY set by environment to AF_INET6
n213-017-130:4193:4193 [0] NCCL INFO NCCL_SOCKET_IFNAME set by environment to =eth0
n213-017-130:4193:4193 [0] NCCL INFO cudaDriverVersion 12060
n213-017-130:4193:4193 [0] NCCL INFO NCCL version 2.26.2+cuda12.6
n213-017-130:4193:4193 [0] NCCL INFO Comm config Blocking set to 1
n213-017-130:4194:4194 [1] NCCL INFO cudaDriverVersion 12060
n213-017-130:4194:4194 [1] NCCL INFO NCCL_SOCKET_FAMILY set by environment to AF_INET6
n213-017-130:4194:4194 [1] NCCL INFO NCCL_SOCKET_IFNAME set by environment to =eth0
n213-017-130:4194:4194 [1] NCCL INFO NCCL version 2.26.2+cuda12.6
n213-017-130:4194:4194 [1] NCCL INFO Comm config Blocking set to 1
n213-017-130:4193:4294 [0] NCCL INFO NET/Plugin: Could not find: libnccl-net-none.so. Using internal net plugin.
n213-017-130:4193:4294 [0] NCCL INFO NCCL_IB_DISABLE set by environment to 0.
n213-017-130:4193:4294 [0] NCCL INFO NCCL_SOCKET_FAMILY set by environment to AF_INET6
n213-017-130:4193:4294 [0] NCCL INFO NCCL_SOCKET_IFNAME set by environment to =eth0
n213-017-130:4193:4294 [0] NCCL INFO NCCL_IB_HCA set to mlx5
n213-017-130:4194:4295 [1] NCCL INFO NET/Plugin: Could not find: libnccl-net-none.so. Using internal net plugin.
n213-017-130:4194:4295 [1] NCCL INFO NCCL_IB_DISABLE set by environment to 0.
n213-017-130:4194:4295 [1] NCCL INFO NCCL_SOCKET_FAMILY set by environment to AF_INET6
n213-017-130:4194:4295 [1] NCCL INFO NCCL_SOCKET_IFNAME set by environment to =eth0
n213-017-130:4194:4295 [1] NCCL INFO NCCL_IB_HCA set to mlx5
n213-017-130:4194:4295 [1] NCCL INFO NET/IB : Using [0]mlx5_0:1/RoCE [1]mlx5_1:1/RoCE [2]mlx5_2:1/RoCE [3]mlx5_3:1/RoCE [RO]; OOB eth0:fdbd:dc61:b:7::130<0>
n213-017-130:4194:4295 [1] NCCL INFO PROFILER/Plugin: Could not find: libnccl-profiler.so. 
n213-017-130:4194:4295 [1] NCCL INFO Using network IB
n213-017-130:4194:4295 [1] NCCL INFO ncclCommInitRankConfig comm 0x117e8a30 rank 1 nranks 2 cudaDev 1 nvmlDev 1 busId 4a000 commId 0xb5b467b886e7415 - Init START
n213-017-130:4193:4294 [0] NCCL INFO NET/IB : Using [0]mlx5_0:1/RoCE [1]mlx5_1:1/RoCE [2]mlx5_2:1/RoCE [3]mlx5_3:1/RoCE [RO]; OOB eth0:fdbd:dc61:b:7::130<0>
n213-017-130:4193:4294 [0] NCCL INFO PROFILER/Plugin: Could not find: libnccl-profiler.so. 
n213-017-130:4193:4294 [0] NCCL INFO Using network IB
n213-017-130:4193:4294 [0] NCCL INFO ncclCommInitRankConfig comm 0x130f7ec0 rank 0 nranks 2 cudaDev 0 nvmlDev 0 busId 10000 commId 0xb5b467b886e7415 - Init START
n213-017-130:4193:4294 [0] NCCL INFO NCCL_RAS_ENABLE set by environment to 0.
n213-017-130:4194:4295 [1] NCCL INFO NCCL_RAS_ENABLE set by environment to 0.
n213-017-130:4194:4295 [1] NCCL INFO TOPO/NET : Importing network plugins to topology
n213-017-130:4194:4295 [1] NCCL INFO Retrieving state for IB
n213-017-130:4194:4295 [1] NCCL INFO Initialized state 0 for IB
n213-017-130:4194:4295 [1] NCCL INFO ncclTopoPopulateNics : Filled mlx5_0 in topo with pciPath=/sys/devices/pci0000:09/0000:09:02.0/0000:0a:00.0/0000:0b:08.0/0000:1b:00.0/0000:1c:00.0/0000:1d:00.0 keep=1 coll=(null)
n213-017-130:4194:4295 [1] NCCL INFO ncclTopoPopulateNics : Filled mlx5_1 in topo with pciPath=/sys/devices/pci0000:43/0000:43:02.0/0000:44:00.0/0000:45:08.0/0000:5e:00.0/0000:5f:00.0/0000:60:00.0 keep=1 coll=(null)
n213-017-130:4193:4294 [0] NCCL INFO TOPO/NET : Importing network plugins to topology
n213-017-130:4193:4294 [0] NCCL INFO Retrieving state for IB
n213-017-130:4193:4294 [0] NCCL INFO Initialized state 0 for IB
n213-017-130:4194:4295 [1] NCCL INFO ncclTopoPopulateNics : Filled mlx5_2 in topo with pciPath=/sys/devices/pci0000:82/0000:82:02.0/0000:83:00.0/0000:84:08.0/0000:93:00.0/0000:94:00.0/0000:95:00.0 keep=1 coll=(null)
n213-017-130:4193:4294 [0] NCCL INFO ncclTopoPopulateNics : Filled mlx5_0 in topo with pciPath=/sys/devices/pci0000:09/0000:09:02.0/0000:0a:00.0/0000:0b:08.0/0000:1b:00.0/0000:1c:00.0/0000:1d:00.0 keep=1 coll=(null)
n213-017-130:4194:4295 [1] NCCL INFO ncclTopoPopulateNics : Filled mlx5_3 in topo with pciPath=/sys/devices/pci0000:be/0000:be:02.0/0000:bf:00.0/0000:c0:04.0/0000:ca:00.0/0000:cb:10.0/0000:cc:00.0 keep=1 coll=(null)
n213-017-130:4194:4295 [1] NCCL INFO TOPO/NET : Made vNic 4
n213-017-130:4194:4295 [1] NCCL INFO TOPO/NET : Made vNic 5
n213-017-130:4194:4295 [1] NCCL INFO TOPO/NET : Made vNic 6
n213-017-130:4194:4295 [1] NCCL INFO TOPO/NET : Made vNic 7
n213-017-130:4194:4295 [1] NCCL INFO ncclTopoPopulateNics : Filled mlx5_0 in topo with pciPath=/sys/devices/pci0000:09/0000:09:02.0/0000:0a:00.0/0000:0b:08.0/0000:1b:00.0/0000:1c:00.0/0000:1d:00.0 keep=0 coll=(null)
n213-017-130:4194:4295 [1] NCCL INFO ncclTopoPopulateNics : Filled mlx5_1 in topo with pciPath=/sys/devices/pci0000:43/0000:43:02.0/0000:44:00.0/0000:45:08.0/0000:5e:00.0/0000:5f:00.0/0000:60:00.0 keep=0 coll=(null)
n213-017-130:4194:4295 [1] NCCL INFO ncclTopoPopulateNics : Filled mlx5_2 in topo with pciPath=/sys/devices/pci0000:82/0000:82:02.0/0000:83:00.0/0000:84:08.0/0000:93:00.0/0000:94:00.0/0000:95:00.0 keep=0 coll=(null)
n213-017-130:4194:4295 [1] NCCL INFO ncclTopoPopulateNics : Filled mlx5_3 in topo with pciPath=/sys/devices/pci0000:be/0000:be:02.0/0000:bf:00.0/0000:c0:04.0/0000:ca:00.0/0000:cb:10.0/0000:cc:00.0 keep=0 coll=(null)
n213-017-130:4194:4295 [1] NCCL INFO ncclTopoPopulateNics : Filled mlx5_0 in topo with pciPath=/sys/devices/pci0000:09/0000:09:02.0/0000:0a:00.0/0000:0b:08.0/0000:1b:00.0/0000:1c:00.0/0000:1d:00.0 keep=1 coll=(null)
n213-017-130:4194:4295 [1] NCCL INFO ncclTopoPopulateNics : Filled mlx5_1 in topo with pciPath=/sys/devices/pci0000:43/0000:43:02.0/0000:44:00.0/0000:45:08.0/0000:5e:00.0/0000:5f:00.0/0000:60:00.0 keep=1 coll=(null)
n213-017-130:4194:4295 [1] NCCL INFO ncclTopoPopulateNics : Filled mlx5_2 in topo with pciPath=/sys/devices/pci0000:82/0000:82:02.0/0000:83:00.0/0000:84:08.0/0000:93:00.0/0000:94:00.0/0000:95:00.0 keep=1 coll=(null)
n213-017-130:4194:4295 [1] NCCL INFO ncclTopoPopulateNics : Filled mlx5_3 in topo with pciPath=/sys/devices/pci0000:be/0000:be:02.0/0000:bf:00.0/0000:c0:04.0/0000:ca:00.0/0000:cb:10.0/0000:cc:00.0 keep=1 coll=(null)
n213-017-130:4193:4294 [0] NCCL INFO ncclTopoPopulateNics : Filled mlx5_1 in topo with pciPath=/sys/devices/pci0000:43/0000:43:02.0/0000:44:00.0/0000:45:08.0/0000:5e:00.0/0000:5f:00.0/0000:60:00.0 keep=1 coll=(null)
n213-017-130:4193:4294 [0] NCCL INFO ncclTopoPopulateNics : Filled mlx5_2 in topo with pciPath=/sys/devices/pci0000:82/0000:82:02.0/0000:83:00.0/0000:84:08.0/0000:93:00.0/0000:94:00.0/0000:95:00.0 keep=1 coll=(null)
n213-017-130:4193:4294 [0] NCCL INFO ncclTopoPopulateNics : Filled mlx5_3 in topo with pciPath=/sys/devices/pci0000:be/0000:be:02.0/0000:bf:00.0/0000:c0:04.0/0000:ca:00.0/0000:cb:10.0/0000:cc:00.0 keep=1 coll=(null)
n213-017-130:4193:4294 [0] NCCL INFO TOPO/NET : Made vNic 4
n213-017-130:4193:4294 [0] NCCL INFO TOPO/NET : Made vNic 5
n213-017-130:4193:4294 [0] NCCL INFO TOPO/NET : Made vNic 6
n213-017-130:4193:4294 [0] NCCL INFO TOPO/NET : Made vNic 7
n213-017-130:4193:4294 [0] NCCL INFO ncclTopoPopulateNics : Filled mlx5_0 in topo with pciPath=/sys/devices/pci0000:09/0000:09:02.0/0000:0a:00.0/0000:0b:08.0/0000:1b:00.0/0000:1c:00.0/0000:1d:00.0 keep=0 coll=(null)
n213-017-130:4193:4294 [0] NCCL INFO ncclTopoPopulateNics : Filled mlx5_1 in topo with pciPath=/sys/devices/pci0000:43/0000:43:02.0/0000:44:00.0/0000:45:08.0/0000:5e:00.0/0000:5f:00.0/0000:60:00.0 keep=0 coll=(null)
n213-017-130:4193:4294 [0] NCCL INFO ncclTopoPopulateNics : Filled mlx5_2 in topo with pciPath=/sys/devices/pci0000:82/0000:82:02.0/0000:83:00.0/0000:84:08.0/0000:93:00.0/0000:94:00.0/0000:95:00.0 keep=0 coll=(null)
n213-017-130:4193:4294 [0] NCCL INFO ncclTopoPopulateNics : Filled mlx5_3 in topo with pciPath=/sys/devices/pci0000:be/0000:be:02.0/0000:bf:00.0/0000:c0:04.0/0000:ca:00.0/0000:cb:10.0/0000:cc:00.0 keep=0 coll=(null)
n213-017-130:4193:4294 [0] NCCL INFO ncclTopoPopulateNics : Filled mlx5_0 in topo with pciPath=/sys/devices/pci0000:09/0000:09:02.0/0000:0a:00.0/0000:0b:08.0/0000:1b:00.0/0000:1c:00.0/0000:1d:00.0 keep=1 coll=(null)
n213-017-130:4193:4294 [0] NCCL INFO ncclTopoPopulateNics : Filled mlx5_1 in topo with pciPath=/sys/devices/pci0000:43/0000:43:02.0/0000:44:00.0/0000:45:08.0/0000:5e:00.0/0000:5f:00.0/0000:60:00.0 keep=1 coll=(null)
n213-017-130:4193:4294 [0] NCCL INFO ncclTopoPopulateNics : Filled mlx5_2 in topo with pciPath=/sys/devices/pci0000:82/0000:82:02.0/0000:83:00.0/0000:84:08.0/0000:93:00.0/0000:94:00.0/0000:95:00.0 keep=1 coll=(null)
n213-017-130:4193:4294 [0] NCCL INFO ncclTopoPopulateNics : Filled mlx5_3 in topo with pciPath=/sys/devices/pci0000:be/0000:be:02.0/0000:bf:00.0/0000:c0:04.0/0000:ca:00.0/0000:cb:10.0/0000:cc:00.0 keep=1 coll=(null)
n213-017-130:4193:4294 [0] NCCL INFO === System : maxBw 240.0 totalBw 240.0 ===
n213-017-130:4193:4294 [0] NCCL INFO CPU/0-0 (1/1/2)
n213-017-130:4193:4294 [0] NCCL INFO + PCI[24.0] - PCI/0-a000 (1000c0101000ffff)
n213-017-130:4193:4294 [0] NCCL INFO               + PCI[24.0] - PCI/0-e000 (1000c01010de13b8)
n213-017-130:4193:4294 [0] NCCL INFO                             + PCI[24.0] - GPU/0-10000 (0)
n213-017-130:4193:4294 [0] NCCL INFO                                           + NVL[240.0] - NVS/0-0
n213-017-130:4193:4294 [0] NCCL INFO               + PCI[24.0] - NIC/0-1d000
n213-017-130:4193:4294 [0] NCCL INFO + PCI[24.0] - PCI/0-44000 (1000c0101000ffff)
n213-017-130:4193:4294 [0] NCCL INFO               + PCI[24.0] - NIC/0-60000
n213-017-130:4193:4294 [0] NCCL INFO               + PCI[24.0] - PCI/0-48000 (1000c01010de13b8)
n213-017-130:4193:4294 [0] NCCL INFO                             + PCI[24.0] - GPU/0-4a000 (1)
n213-017-130:4193:4294 [0] NCCL INFO                                           + NVL[240.0] - NVS/0-0
n213-017-130:4193:4294 [0] NCCL INFO + SYS[10.0] - CPU/0-1
n213-017-130:4193:4294 [0] NCCL INFO CPU/0-1 (1/1/2)
n213-017-130:4193:4294 [0] NCCL INFO + PCI[24.0] - PCI/0-83000 (1000c0101000ffff)
n213-017-130:4193:4294 [0] NCCL INFO               + PCI[24.0] - NIC/0-95000
n213-017-130:4193:4294 [0] NCCL INFO + PCI[24.0] - PCI/0-bf000 (1000c0101000ffff)
n213-017-130:4193:4294 [0] NCCL INFO               + PCI[24.0] - NIC/0-cc000
n213-017-130:4193:4294 [0] NCCL INFO + SYS[10.0] - CPU/0-0
n213-017-130:4193:4294 [0] NCCL INFO ==========================================
n213-017-130:4193:4294 [0] NCCL INFO GPU/0-10000 :GPU/0-10000 (0/5000.0/LOC) GPU/0-4a000 (2/240.0/NVL) NVS/0-0 (1/240.0/NVL) CPU/0-0 (3/24.0/PHB) CPU/0-1 (4/10.0/SYS) 
n213-017-130:4193:4294 [0] NCCL INFO GPU/0-4a000 :GPU/0-10000 (2/240.0/NVL) GPU/0-4a000 (0/5000.0/LOC) NVS/0-0 (1/240.0/NVL) CPU/0-0 (3/24.0/PHB) CPU/0-1 (4/10.0/SYS) 
n213-017-130:4193:4294 [0] NCCL INFO Setting affinity for GPU 0 to ffffffff,00000000,ffffffff
n213-017-130:4193:4294 [0] NCCL INFO Pattern 4, crossNic 0, nChannels 12, bw 20.000000/20.000000, type NVL/PIX, sameChannels 1
n213-017-130:4193:4294 [0] NCCL INFO  0 : GPU/0 GPU/1
n213-017-130:4193:4294 [0] NCCL INFO  1 : GPU/0 GPU/1
n213-017-130:4193:4294 [0] NCCL INFO  2 : GPU/0 GPU/1
n213-017-130:4193:4294 [0] NCCL INFO  3 : GPU/0 GPU/1
n213-017-130:4193:4294 [0] NCCL INFO  4 : GPU/0 GPU/1
n213-017-130:4193:4294 [0] NCCL INFO  5 : GPU/0 GPU/1
n213-017-130:4193:4294 [0] NCCL INFO  6 : GPU/0 GPU/1
n213-017-130:4193:4294 [0] NCCL INFO  7 : GPU/0 GPU/1
n213-017-130:4193:4294 [0] NCCL INFO  8 : GPU/0 GPU/1
n213-017-130:4193:4294 [0] NCCL INFO  9 : GPU/0 GPU/1
n213-017-130:4193:4294 [0] NCCL INFO 10 : GPU/0 GPU/1
n213-017-130:4193:4294 [0] NCCL INFO 11 : GPU/0 GPU/1
n213-017-130:4193:4294 [0] NCCL INFO Pattern 1, crossNic 0, nChannels 12, bw 40.000000/40.000000, type NVL/PIX, sameChannels 0
n213-017-130:4193:4294 [0] NCCL INFO  0 : GPU/0 GPU/1
n213-017-130:4193:4294 [0] NCCL INFO  1 : GPU/0 GPU/1
n213-017-130:4193:4294 [0] NCCL INFO  2 : GPU/0 GPU/1
n213-017-130:4193:4294 [0] NCCL INFO  3 : GPU/0 GPU/1
n213-017-130:4193:4294 [0] NCCL INFO  4 : GPU/0 GPU/1
n213-017-130:4193:4294 [0] NCCL INFO  5 : GPU/0 GPU/1
n213-017-130:4193:4294 [0] NCCL INFO  6 : GPU/1 GPU/0
n213-017-130:4193:4294 [0] NCCL INFO  7 : GPU/1 GPU/0
n213-017-130:4193:4294 [0] NCCL INFO  8 : GPU/1 GPU/0
n213-017-130:4193:4294 [0] NCCL INFO  9 : GPU/1 GPU/0
n213-017-130:4193:4294 [0] NCCL INFO 10 : GPU/1 GPU/0
n213-017-130:4193:4294 [0] NCCL INFO 11 : GPU/1 GPU/0
n213-017-130:4194:4295 [1] NCCL INFO === System : maxBw 240.0 totalBw 240.0 ===
n213-017-130:4194:4295 [1] NCCL INFO CPU/0-0 (1/1/2)
n213-017-130:4194:4295 [1] NCCL INFO + PCI[24.0] - PCI/0-a000 (1000c0101000ffff)
n213-017-130:4194:4295 [1] NCCL INFO               + PCI[24.0] - PCI/0-e000 (1000c01010de13b8)
n213-017-130:4194:4295 [1] NCCL INFO                             + PCI[24.0] - GPU/0-10000 (0)
n213-017-130:4194:4295 [1] NCCL INFO                                           + NVL[240.0] - NVS/0-0
n213-017-130:4194:4295 [1] NCCL INFO               + PCI[24.0] - NIC/0-1d000
n213-017-130:4194:4295 [1] NCCL INFO + PCI[24.0] - PCI/0-44000 (1000c0101000ffff)
n213-017-130:4194:4295 [1] NCCL INFO               + PCI[24.0] - NIC/0-60000
n213-017-130:4194:4295 [1] NCCL INFO               + PCI[24.0] - PCI/0-48000 (1000c01010de13b8)
n213-017-130:4194:4295 [1] NCCL INFO                             + PCI[24.0] - GPU/0-4a000 (1)
n213-017-130:4194:4295 [1] NCCL INFO                                           + NVL[240.0] - NVS/0-0
n213-017-130:4194:4295 [1] NCCL INFO + SYS[10.0] - CPU/0-1
n213-017-130:4194:4295 [1] NCCL INFO CPU/0-1 (1/1/2)
n213-017-130:4194:4295 [1] NCCL INFO + PCI[24.0] - PCI/0-83000 (1000c0101000ffff)
n213-017-130:4194:4295 [1] NCCL INFO               + PCI[24.0] - NIC/0-95000
n213-017-130:4194:4295 [1] NCCL INFO + PCI[24.0] - PCI/0-bf000 (1000c0101000ffff)
n213-017-130:4194:4295 [1] NCCL INFO               + PCI[24.0] - NIC/0-cc000
n213-017-130:4194:4295 [1] NCCL INFO + SYS[10.0] - CPU/0-0
n213-017-130:4194:4295 [1] NCCL INFO ==========================================
n213-017-130:4194:4295 [1] NCCL INFO GPU/0-10000 :GPU/0-10000 (0/5000.0/LOC) GPU/0-4a000 (2/240.0/NVL) NVS/0-0 (1/240.0/NVL) CPU/0-0 (3/24.0/PHB) CPU/0-1 (4/10.0/SYS) 
n213-017-130:4194:4295 [1] NCCL INFO GPU/0-4a000 :GPU/0-10000 (2/240.0/NVL) GPU/0-4a000 (0/5000.0/LOC) NVS/0-0 (1/240.0/NVL) CPU/0-0 (3/24.0/PHB) CPU/0-1 (4/10.0/SYS) 
n213-017-130:4194:4295 [1] NCCL INFO Setting affinity for GPU 1 to ffffffff,00000000,ffffffff
n213-017-130:4194:4295 [1] NCCL INFO Pattern 4, crossNic 0, nChannels 12, bw 20.000000/20.000000, type NVL/PIX, sameChannels 1
n213-017-130:4194:4295 [1] NCCL INFO  0 : GPU/0 GPU/1
n213-017-130:4194:4295 [1] NCCL INFO  1 : GPU/0 GPU/1
n213-017-130:4194:4295 [1] NCCL INFO  2 : GPU/0 GPU/1
n213-017-130:4194:4295 [1] NCCL INFO  3 : GPU/0 GPU/1
n213-017-130:4194:4295 [1] NCCL INFO  4 : GPU/0 GPU/1
n213-017-130:4194:4295 [1] NCCL INFO  5 : GPU/0 GPU/1
n213-017-130:4194:4295 [1] NCCL INFO  6 : GPU/0 GPU/1
n213-017-130:4194:4295 [1] NCCL INFO  7 : GPU/0 GPU/1
n213-017-130:4194:4295 [1] NCCL INFO  8 : GPU/0 GPU/1
n213-017-130:4194:4295 [1] NCCL INFO  9 : GPU/0 GPU/1
n213-017-130:4194:4295 [1] NCCL INFO 10 : GPU/0 GPU/1
n213-017-130:4194:4295 [1] NCCL INFO 11 : GPU/0 GPU/1
n213-017-130:4194:4295 [1] NCCL INFO Pattern 1, crossNic 0, nChannels 12, bw 40.000000/40.000000, type NVL/PIX, sameChannels 0
n213-017-130:4194:4295 [1] NCCL INFO  0 : GPU/0 GPU/1
n213-017-130:4194:4295 [1] NCCL INFO  1 : GPU/0 GPU/1
n213-017-130:4194:4295 [1] NCCL INFO  2 : GPU/0 GPU/1
n213-017-130:4194:4295 [1] NCCL INFO  3 : GPU/0 GPU/1
n213-017-130:4194:4295 [1] NCCL INFO  4 : GPU/0 GPU/1
n213-017-130:4194:4295 [1] NCCL INFO  5 : GPU/0 GPU/1
n213-017-130:4194:4295 [1] NCCL INFO  6 : GPU/1 GPU/0
n213-017-130:4194:4295 [1] NCCL INFO  7 : GPU/1 GPU/0
n213-017-130:4194:4295 [1] NCCL INFO  8 : GPU/1 GPU/0
n213-017-130:4194:4295 [1] NCCL INFO  9 : GPU/1 GPU/0
n213-017-130:4194:4295 [1] NCCL INFO 10 : GPU/1 GPU/0
n213-017-130:4194:4295 [1] NCCL INFO 11 : GPU/1 GPU/0
n213-017-130:4194:4295 [1] NCCL INFO comm 0x117e8a30 rank 1 nRanks 2 nNodes 1 localRanks 2 localRank 1 MNNVL 0
n213-017-130:4193:4294 [0] NCCL INFO comm 0x130f7ec0 rank 0 nRanks 2 nNodes 1 localRanks 2 localRank 0 MNNVL 0
n213-017-130:4194:4295 [1] NCCL INFO Tree 0 : 0 -> 1 -> -1/-1/-1
n213-017-130:4194:4295 [1] NCCL INFO Tree 12 : 0 -> 1 -> -1/-1/-1
n213-017-130:4194:4295 [1] NCCL INFO Tree 1 : 0 -> 1 -> -1/-1/-1
n213-017-130:4194:4295 [1] NCCL INFO Tree 13 : 0 -> 1 -> -1/-1/-1
n213-017-130:4193:4294 [0] NCCL INFO Tree 0 : -1 -> 0 -> 1/-1/-1
n213-017-130:4194:4295 [1] NCCL INFO Tree 2 : 0 -> 1 -> -1/-1/-1
n213-017-130:4194:4295 [1] NCCL INFO Tree 14 : 0 -> 1 -> -1/-1/-1
n213-017-130:4193:4294 [0] NCCL INFO Tree 12 : -1 -> 0 -> 1/-1/-1
n213-017-130:4194:4295 [1] NCCL INFO Tree 3 : 0 -> 1 -> -1/-1/-1
n213-017-130:4194:4295 [1] NCCL INFO Tree 15 : 0 -> 1 -> -1/-1/-1
n213-017-130:4193:4294 [0] NCCL INFO Tree 1 : -1 -> 0 -> 1/-1/-1
n213-017-130:4194:4295 [1] NCCL INFO Tree 4 : 0 -> 1 -> -1/-1/-1
n213-017-130:4193:4294 [0] NCCL INFO Tree 13 : -1 -> 0 -> 1/-1/-1
n213-017-130:4194:4295 [1] NCCL INFO Tree 16 : 0 -> 1 -> -1/-1/-1
n213-017-130:4194:4295 [1] NCCL INFO Tree 5 : 0 -> 1 -> -1/-1/-1
n213-017-130:4193:4294 [0] NCCL INFO Tree 2 : -1 -> 0 -> 1/-1/-1
n213-017-130:4194:4295 [1] NCCL INFO Tree 17 : 0 -> 1 -> -1/-1/-1
n213-017-130:4193:4294 [0] NCCL INFO Tree 14 : -1 -> 0 -> 1/-1/-1
n213-017-130:4194:4295 [1] NCCL INFO Tree 6 : -1 -> 1 -> 0/-1/-1
n213-017-130:4194:4295 [1] NCCL INFO Tree 18 : -1 -> 1 -> 0/-1/-1
n213-017-130:4193:4294 [0] NCCL INFO Tree 3 : -1 -> 0 -> 1/-1/-1
n213-017-130:4194:4295 [1] NCCL INFO Tree 7 : -1 -> 1 -> 0/-1/-1
n213-017-130:4193:4294 [0] NCCL INFO Tree 15 : -1 -> 0 -> 1/-1/-1
n213-017-130:4194:4295 [1] NCCL INFO Tree 19 : -1 -> 1 -> 0/-1/-1
n213-017-130:4194:4295 [1] NCCL INFO Tree 8 : -1 -> 1 -> 0/-1/-1
n213-017-130:4193:4294 [0] NCCL INFO Tree 4 : -1 -> 0 -> 1/-1/-1
n213-017-130:4194:4295 [1] NCCL INFO Tree 20 : -1 -> 1 -> 0/-1/-1
n213-017-130:4194:4295 [1] NCCL INFO Tree 9 : -1 -> 1 -> 0/-1/-1
n213-017-130:4193:4294 [0] NCCL INFO Tree 16 : -1 -> 0 -> 1/-1/-1
n213-017-130:4194:4295 [1] NCCL INFO Tree 21 : -1 -> 1 -> 0/-1/-1
n213-017-130:4193:4294 [0] NCCL INFO Tree 5 : -1 -> 0 -> 1/-1/-1
n213-017-130:4194:4295 [1] NCCL INFO Tree 10 : -1 -> 1 -> 0/-1/-1
n213-017-130:4194:4295 [1] NCCL INFO Tree 22 : -1 -> 1 -> 0/-1/-1
n213-017-130:4193:4294 [0] NCCL INFO Tree 17 : -1 -> 0 -> 1/-1/-1
n213-017-130:4194:4295 [1] NCCL INFO Tree 11 : -1 -> 1 -> 0/-1/-1
n213-017-130:4194:4295 [1] NCCL INFO Tree 23 : -1 -> 1 -> 0/-1/-1
n213-017-130:4193:4294 [0] NCCL INFO Tree 6 : 1 -> 0 -> -1/-1/-1
n213-017-130:4193:4294 [0] NCCL INFO Tree 18 : 1 -> 0 -> -1/-1/-1
n213-017-130:4193:4294 [0] NCCL INFO Tree 7 : 1 -> 0 -> -1/-1/-1
n213-017-130:4193:4294 [0] NCCL INFO Tree 19 : 1 -> 0 -> -1/-1/-1
n213-017-130:4194:4295 [1] NCCL INFO Ring 00 : 0 -> 1 -> 0
n213-017-130:4193:4294 [0] NCCL INFO Tree 8 : 1 -> 0 -> -1/-1/-1
n213-017-130:4194:4295 [1] NCCL INFO Ring 01 : 0 -> 1 -> 0
n213-017-130:4193:4294 [0] NCCL INFO Tree 20 : 1 -> 0 -> -1/-1/-1
n213-017-130:4194:4295 [1] NCCL INFO Ring 02 : 0 -> 1 -> 0
n213-017-130:4193:4294 [0] NCCL INFO Tree 9 : 1 -> 0 -> -1/-1/-1
n213-017-130:4194:4295 [1] NCCL INFO Ring 03 : 0 -> 1 -> 0
n213-017-130:4193:4294 [0] NCCL INFO Tree 21 : 1 -> 0 -> -1/-1/-1
n213-017-130:4194:4295 [1] NCCL INFO Ring 04 : 0 -> 1 -> 0
n213-017-130:4194:4295 [1] NCCL INFO Ring 05 : 0 -> 1 -> 0
n213-017-130:4193:4294 [0] NCCL INFO Tree 10 : 1 -> 0 -> -1/-1/-1
n213-017-130:4194:4295 [1] NCCL INFO Ring 06 : 0 -> 1 -> 0
n213-017-130:4193:4294 [0] NCCL INFO Tree 22 : 1 -> 0 -> -1/-1/-1
n213-017-130:4194:4295 [1] NCCL INFO Ring 07 : 0 -> 1 -> 0
n213-017-130:4194:4295 [1] NCCL INFO Ring 08 : 0 -> 1 -> 0
n213-017-130:4193:4294 [0] NCCL INFO Tree 11 : 1 -> 0 -> -1/-1/-1
n213-017-130:4194:4295 [1] NCCL INFO Ring 09 : 0 -> 1 -> 0
n213-017-130:4193:4294 [0] NCCL INFO Tree 23 : 1 -> 0 -> -1/-1/-1
n213-017-130:4194:4295 [1] NCCL INFO Ring 10 : 0 -> 1 -> 0
n213-017-130:4194:4295 [1] NCCL INFO Ring 11 : 0 -> 1 -> 0
n213-017-130:4194:4295 [1] NCCL INFO Ring 12 : 0 -> 1 -> 0
n213-017-130:4194:4295 [1] NCCL INFO Ring 13 : 0 -> 1 -> 0
n213-017-130:4194:4295 [1] NCCL INFO Ring 14 : 0 -> 1 -> 0
n213-017-130:4194:4295 [1] NCCL INFO Ring 15 : 0 -> 1 -> 0
n213-017-130:4194:4295 [1] NCCL INFO Ring 16 : 0 -> 1 -> 0
n213-017-130:4194:4295 [1] NCCL INFO Ring 17 : 0 -> 1 -> 0
n213-017-130:4193:4294 [0] NCCL INFO Channel 00/24 : 0 1
n213-017-130:4194:4295 [1] NCCL INFO Ring 18 : 0 -> 1 -> 0
n213-017-130:4194:4295 [1] NCCL INFO Ring 19 : 0 -> 1 -> 0
n213-017-130:4193:4294 [0] NCCL INFO Channel 01/24 : 0 1
n213-017-130:4194:4295 [1] NCCL INFO Ring 20 : 0 -> 1 -> 0
n213-017-130:4194:4295 [1] NCCL INFO Ring 21 : 0 -> 1 -> 0
n213-017-130:4193:4294 [0] NCCL INFO Channel 02/24 : 0 1
n213-017-130:4194:4295 [1] NCCL INFO Ring 22 : 0 -> 1 -> 0
n213-017-130:4194:4295 [1] NCCL INFO Ring 23 : 0 -> 1 -> 0
n213-017-130:4193:4294 [0] NCCL INFO Channel 03/24 : 0 1
n213-017-130:4194:4295 [1] NCCL INFO Trees [0] -1/-1/-1->1->0 [1] -1/-1/-1->1->0 [2] -1/-1/-1->1->0 [3] -1/-1/-1->1->0 [4] -1/-1/-1->1->0 [5] -1/-1/-1->1->0 [6] 0/-1/-1->1->-1 [7] 0/-1/-1->1->-1 [8] 0/-1/-1->1->-1 [9] 0/-1/-1->1->-1 [10] 0/-1/-1->1->-1 [11] 0/-1/-1->1->-1 [12] -1/-1/-1->1->0 [13] -1/-1/-1->1->0 [14] -1/-1/-1->1->0 [15] -1/-1/-1->1->0 [16] -1/-1/-1->1->0 [17] -1/-1/-1->1->0 [18] 0/-1/-1->1->-1 [19] 0/-1/-1->1->-1 [20] 0/-1/-1->1->-1 [21] 0/-1/-1->1->-1 [22] 0/-1/-1->1->-1 [23] 0/-1/-1->1->-1
n213-017-130:4194:4295 [1] NCCL INFO P2P Chunksize set to 524288
n213-017-130:4193:4294 [0] NCCL INFO Channel 04/24 : 0 1
n213-017-130:4193:4294 [0] NCCL INFO Channel 05/24 : 0 1
n213-017-130:4193:4294 [0] NCCL INFO Channel 06/24 : 0 1
n213-017-130:4193:4294 [0] NCCL INFO Channel 07/24 : 0 1
n213-017-130:4193:4294 [0] NCCL INFO Channel 08/24 : 0 1
n213-017-130:4193:4294 [0] NCCL INFO Channel 09/24 : 0 1
n213-017-130:4193:4294 [0] NCCL INFO Channel 10/24 : 0 1
n213-017-130:4193:4294 [0] NCCL INFO Channel 11/24 : 0 1
n213-017-130:4193:4294 [0] NCCL INFO Channel 12/24 : 0 1
n213-017-130:4193:4294 [0] NCCL INFO Channel 13/24 : 0 1
n213-017-130:4193:4294 [0] NCCL INFO Channel 14/24 : 0 1
n213-017-130:4193:4294 [0] NCCL INFO Channel 15/24 : 0 1
n213-017-130:4193:4294 [0] NCCL INFO Channel 16/24 : 0 1
n213-017-130:4193:4294 [0] NCCL INFO Channel 17/24 : 0 1
n213-017-130:4193:4294 [0] NCCL INFO Channel 18/24 : 0 1
n213-017-130:4193:4294 [0] NCCL INFO Channel 19/24 : 0 1
n213-017-130:4193:4294 [0] NCCL INFO Channel 20/24 : 0 1
n213-017-130:4193:4294 [0] NCCL INFO Channel 21/24 : 0 1
n213-017-130:4193:4294 [0] NCCL INFO Channel 22/24 : 0 1
n213-017-130:4193:4294 [0] NCCL INFO Channel 23/24 : 0 1
n213-017-130:4193:4294 [0] NCCL INFO Ring 00 : 1 -> 0 -> 1
n213-017-130:4193:4294 [0] NCCL INFO Ring 01 : 1 -> 0 -> 1
n213-017-130:4193:4294 [0] NCCL INFO Ring 02 : 1 -> 0 -> 1
n213-017-130:4193:4294 [0] NCCL INFO Ring 03 : 1 -> 0 -> 1
n213-017-130:4193:4294 [0] NCCL INFO Ring 04 : 1 -> 0 -> 1
n213-017-130:4193:4294 [0] NCCL INFO Ring 05 : 1 -> 0 -> 1
n213-017-130:4193:4294 [0] NCCL INFO Ring 06 : 1 -> 0 -> 1
n213-017-130:4193:4294 [0] NCCL INFO Ring 07 : 1 -> 0 -> 1
n213-017-130:4193:4294 [0] NCCL INFO Ring 08 : 1 -> 0 -> 1
n213-017-130:4193:4294 [0] NCCL INFO Ring 09 : 1 -> 0 -> 1
n213-017-130:4193:4294 [0] NCCL INFO Ring 10 : 1 -> 0 -> 1
n213-017-130:4193:4294 [0] NCCL INFO Ring 11 : 1 -> 0 -> 1
n213-017-130:4193:4294 [0] NCCL INFO Ring 12 : 1 -> 0 -> 1
n213-017-130:4193:4294 [0] NCCL INFO Ring 13 : 1 -> 0 -> 1
n213-017-130:4193:4294 [0] NCCL INFO Ring 14 : 1 -> 0 -> 1
n213-017-130:4193:4294 [0] NCCL INFO Ring 15 : 1 -> 0 -> 1
n213-017-130:4193:4294 [0] NCCL INFO Ring 16 : 1 -> 0 -> 1
n213-017-130:4193:4294 [0] NCCL INFO Ring 17 : 1 -> 0 -> 1
n213-017-130:4193:4294 [0] NCCL INFO Ring 18 : 1 -> 0 -> 1
n213-017-130:4193:4294 [0] NCCL INFO Ring 19 : 1 -> 0 -> 1
n213-017-130:4193:4294 [0] NCCL INFO Ring 20 : 1 -> 0 -> 1
n213-017-130:4193:4294 [0] NCCL INFO Ring 21 : 1 -> 0 -> 1
n213-017-130:4193:4294 [0] NCCL INFO Ring 22 : 1 -> 0 -> 1
n213-017-130:4193:4294 [0] NCCL INFO Ring 23 : 1 -> 0 -> 1
n213-017-130:4193:4294 [0] NCCL INFO Trees [0] 1/-1/-1->0->-1 [1] 1/-1/-1->0->-1 [2] 1/-1/-1->0->-1 [3] 1/-1/-1->0->-1 [4] 1/-1/-1->0->-1 [5] 1/-1/-1->0->-1 [6] -1/-1/-1->0->1 [7] -1/-1/-1->0->1 [8] -1/-1/-1->0->1 [9] -1/-1/-1->0->1 [10] -1/-1/-1->0->1 [11] -1/-1/-1->0->1 [12] 1/-1/-1->0->-1 [13] 1/-1/-1->0->-1 [14] 1/-1/-1->0->-1 [15] 1/-1/-1->0->-1 [16] 1/-1/-1->0->-1 [17] 1/-1/-1->0->-1 [18] -1/-1/-1->0->1 [19] -1/-1/-1->0->1 [20] -1/-1/-1->0->1 [21] -1/-1/-1->0->1 [22] -1/-1/-1->0->1 [23] -1/-1/-1->0->1
n213-017-130:4193:4294 [0] NCCL INFO P2P Chunksize set to 524288
n213-017-130:4193:4294 [0] NCCL INFO Check P2P Type intraNodeP2pSupport 1 directMode 0
n213-017-130:4193:4304 [0] NCCL INFO [Proxy Service] Device 0 CPU core 68
n213-017-130:4193:4305 [0] NCCL INFO [Proxy Service UDS] Device 0 CPU core 77
n213-017-130:4194:4307 [1] NCCL INFO [Proxy Service UDS] Device 1 CPU core 13
n213-017-130:4194:4306 [1] NCCL INFO [Proxy Service] Device 1 CPU core 68
n213-017-130:4193:4294 [0] NCCL INFO threadThresholds 8/8/64 | 16/8/64 | 512 | 512
n213-017-130:4193:4294 [0] NCCL INFO 24 coll channels, 24 collnet channels, 0 nvls channels, 32 p2p channels, 32 p2p channels per peer
n213-017-130:4194:4295 [1] NCCL INFO threadThresholds 8/8/64 | 16/8/64 | 512 | 512
n213-017-130:4194:4295 [1] NCCL INFO 24 coll channels, 24 collnet channels, 0 nvls channels, 32 p2p channels, 32 p2p channels per peer
n213-017-130:4193:4294 [0] NCCL INFO CC Off, workFifoBytes 1048576
n213-017-130:4193:4294 [0] NCCL INFO TUNER/Plugin: Could not find: libnccl-tuner.so. Using internal tuner plugin.
n213-017-130:4194:4295 [1] NCCL INFO TUNER/Plugin: Could not find: libnccl-tuner.so. Using internal tuner plugin.
n213-017-130:4193:4294 [0] NCCL INFO ncclCommInitRankConfig comm 0x130f7ec0 rank 0 nranks 2 cudaDev 0 nvmlDev 0 busId 10000 commId 0xb5b467b886e7415 - Init COMPLETE
n213-017-130:4194:4295 [1] NCCL INFO ncclCommInitRankConfig comm 0x117e8a30 rank 1 nranks 2 cudaDev 1 nvmlDev 1 busId 4a000 commId 0xb5b467b886e7415 - Init COMPLETE
n213-017-130:4194:4295 [1] NCCL INFO Init timings - ncclCommInitRankConfig: rank 1 nranks 2 total 0.30 (kernels 0.16, alloc 0.03, bootstrap 0.01, allgathers 0.00, topo 0.09, graphs 0.00, connections 0.01, rest 0.01)
n213-017-130:4193:4294 [0] NCCL INFO Init timings - ncclCommInitRankConfig: rank 0 nranks 2 total 0.31 (kernels 0.16, alloc 0.04, bootstrap 0.00, allgathers 0.00, topo 0.09, graphs 0.00, connections 0.01, rest 0.01)
n213-017-130:4193:4308 [0] NCCL INFO Channel 00/0 : 0[0] -> 1[1] via P2P/CUMEM/read
n213-017-130:4193:4308 [0] NCCL INFO Channel 01/0 : 0[0] -> 1[1] via P2P/CUMEM/read
n213-017-130:4193:4308 [0] NCCL INFO Channel 02/0 : 0[0] -> 1[1] via P2P/CUMEM/read
n213-017-130:4193:4308 [0] NCCL INFO Channel 03/0 : 0[0] -> 1[1] via P2P/CUMEM/read
n213-017-130:4194:4309 [1] NCCL INFO Channel 00/0 : 1[1] -> 0[0] via P2P/CUMEM/read
n213-017-130:4193:4308 [0] NCCL INFO Channel 04/0 : 0[0] -> 1[1] via P2P/CUMEM/read
n213-017-130:4194:4309 [1] NCCL INFO Channel 01/0 : 1[1] -> 0[0] via P2P/CUMEM/read
n213-017-130:4193:4308 [0] NCCL INFO Channel 05/0 : 0[0] -> 1[1] via P2P/CUMEM/read
n213-017-130:4194:4309 [1] NCCL INFO Channel 02/0 : 1[1] -> 0[0] via P2P/CUMEM/read
n213-017-130:4193:4308 [0] NCCL INFO Channel 06/0 : 0[0] -> 1[1] via P2P/CUMEM/read
n213-017-130:4194:4309 [1] NCCL INFO Channel 03/0 : 1[1] -> 0[0] via P2P/CUMEM/read
n213-017-130:4193:4308 [0] NCCL INFO Channel 07/0 : 0[0] -> 1[1] via P2P/CUMEM/read
n213-017-130:4194:4309 [1] NCCL INFO Channel 04/0 : 1[1] -> 0[0] via P2P/CUMEM/read
n213-017-130:4193:4308 [0] NCCL INFO Channel 08/0 : 0[0] -> 1[1] via P2P/CUMEM/read
n213-017-130:4194:4309 [1] NCCL INFO Channel 05/0 : 1[1] -> 0[0] via P2P/CUMEM/read
n213-017-130:4193:4308 [0] NCCL INFO Channel 09/0 : 0[0] -> 1[1] via P2P/CUMEM/read
n213-017-130:4194:4309 [1] NCCL INFO Channel 06/0 : 1[1] -> 0[0] via P2P/CUMEM/read
n213-017-130:4193:4308 [0] NCCL INFO Channel 10/0 : 0[0] -> 1[1] via P2P/CUMEM/read
n213-017-130:4193:4308 [0] NCCL INFO Channel 11/0 : 0[0] -> 1[1] via P2P/CUMEM/read
n213-017-130:4194:4309 [1] NCCL INFO Channel 07/0 : 1[1] -> 0[0] via P2P/CUMEM/read
n213-017-130:4193:4308 [0] NCCL INFO Channel 12/0 : 0[0] -> 1[1] via P2P/CUMEM/read
n213-017-130:4194:4309 [1] NCCL INFO Channel 08/0 : 1[1] -> 0[0] via P2P/CUMEM/read
n213-017-130:4193:4308 [0] NCCL INFO Channel 13/0 : 0[0] -> 1[1] via P2P/CUMEM/read
n213-017-130:4194:4309 [1] NCCL INFO Channel 09/0 : 1[1] -> 0[0] via P2P/CUMEM/read
n213-017-130:4193:4308 [0] NCCL INFO Channel 14/0 : 0[0] -> 1[1] via P2P/CUMEM/read
n213-017-130:4194:4309 [1] NCCL INFO Channel 10/0 : 1[1] -> 0[0] via P2P/CUMEM/read
n213-017-130:4193:4308 [0] NCCL INFO Channel 15/0 : 0[0] -> 1[1] via P2P/CUMEM/read
n213-017-130:4194:4309 [1] NCCL INFO Channel 11/0 : 1[1] -> 0[0] via P2P/CUMEM/read
n213-017-130:4193:4308 [0] NCCL INFO Channel 16/0 : 0[0] -> 1[1] via P2P/CUMEM/read
n213-017-130:4194:4309 [1] NCCL INFO Channel 12/0 : 1[1] -> 0[0] via P2P/CUMEM/read
n213-017-130:4193:4308 [0] NCCL INFO Channel 17/0 : 0[0] -> 1[1] via P2P/CUMEM/read
n213-017-130:4193:4308 [0] NCCL INFO Channel 18/0 : 0[0] -> 1[1] via P2P/CUMEM/read
n213-017-130:4194:4309 [1] NCCL INFO Channel 13/0 : 1[1] -> 0[0] via P2P/CUMEM/read
n213-017-130:4193:4308 [0] NCCL INFO Channel 19/0 : 0[0] -> 1[1] via P2P/CUMEM/read
n213-017-130:4194:4309 [1] NCCL INFO Channel 14/0 : 1[1] -> 0[0] via P2P/CUMEM/read
n213-017-130:4193:4308 [0] NCCL INFO Channel 20/0 : 0[0] -> 1[1] via P2P/CUMEM/read
n213-017-130:4194:4309 [1] NCCL INFO Channel 15/0 : 1[1] -> 0[0] via P2P/CUMEM/read
n213-017-130:4193:4308 [0] NCCL INFO Channel 21/0 : 0[0] -> 1[1] via P2P/CUMEM/read
n213-017-130:4194:4309 [1] NCCL INFO Channel 16/0 : 1[1] -> 0[0] via P2P/CUMEM/read
n213-017-130:4193:4308 [0] NCCL INFO Channel 22/0 : 0[0] -> 1[1] via P2P/CUMEM/read
n213-017-130:4194:4309 [1] NCCL INFO Channel 17/0 : 1[1] -> 0[0] via P2P/CUMEM/read
n213-017-130:4193:4308 [0] NCCL INFO Channel 23/0 : 0[0] -> 1[1] via P2P/CUMEM/read
n213-017-130:4194:4309 [1] NCCL INFO Channel 18/0 : 1[1] -> 0[0] via P2P/CUMEM/read
n213-017-130:4194:4309 [1] NCCL INFO Channel 19/0 : 1[1] -> 0[0] via P2P/CUMEM/read
n213-017-130:4194:4309 [1] NCCL INFO Channel 20/0 : 1[1] -> 0[0] via P2P/CUMEM/read
n213-017-130:4194:4309 [1] NCCL INFO Channel 21/0 : 1[1] -> 0[0] via P2P/CUMEM/read
n213-017-130:4194:4309 [1] NCCL INFO Channel 22/0 : 1[1] -> 0[0] via P2P/CUMEM/read
n213-017-130:4194:4309 [1] NCCL INFO Channel 23/0 : 1[1] -> 0[0] via P2P/CUMEM/read
n213-017-130:4193:4308 [0] NCCL INFO Connected all rings, use ring PXN 0 GDR 1
n213-017-130:4194:4309 [1] NCCL INFO Connected all rings, use ring PXN 0 GDR 1
[sft-start] epochs=3 train_records=5376 dev_records=592 micro_batch_size=2 gradient_accumulation_steps=8 world_size=2 updates_per_epoch=336 total_updates=1008 log_every=10 eval_steps=100
You're using a Qwen2TokenizerFast tokenizer. Please note that with a fast tokenizer, using the `__call__` method is faster than using a method to encode the text followed by a call to the `pad` method to get a padded encoding.
You're using a Qwen2TokenizerFast tokenizer. Please note that with a fast tokenizer, using the `__call__` method is faster than using a method to encode the text followed by a call to the `pad` method to get a padded encoding.
You're using a Qwen2TokenizerFast tokenizer. Please note that with a fast tokenizer, using the `__call__` method is faster than using a method to encode the text followed by a call to the `pad` method to get a padded encoding.
You're using a Qwen2TokenizerFast tokenizer. Please note that with a fast tokenizer, using the `__call__` method is faster than using a method to encode the text followed by a call to the `pad` method to get a padded encoding.
[sft-train] epoch=1/3 step=1/1008 progress=0.10% train_loss=6.631529 train_structure_loss=2.186528 train_value_loss=1.580087 lr=6.667e-06,3.333e-05 elapsed=0m05s eta=1h35m18s
[sft-train] epoch=1/3 step=10/1008 progress=0.99% train_loss=5.291318 train_structure_loss=1.736629 train_value_loss=0.000002 lr=6.667e-05,3.333e-04 elapsed=0m46s eta=1h18m07s
[rank0]:[E821 06:11:49.082110297 ProcessGroupNCCL.cpp:632] [Rank 0] Watchdog caught collective operation timeout: WorkNCCL(SeqNum=120, OpType=_ALLGATHER_BASE, NumelIn=1, NumelOut=2, Timeout(ms)=600000) ran for 600045 milliseconds before timing out.
[rank0]:[E821 06:11:49.085373353 ProcessGroupNCCL.cpp:2271] [PG ID 0 PG GUID 0(default_pg) Rank 0]  failure detected by watchdog at work sequence id: 120 PG status: last enqueued work: 120, last completed work: 119
[rank0]:[E821 06:11:49.085382022 ProcessGroupNCCL.cpp:670] Stack trace of the failed collective not found, potentially because FlightRecorder is disabled. You can enable it by setting TORCH_NCCL_TRACE_BUFFER_SIZE to a non-zero value.
[rank0]:[E821 06:11:49.085445182 ProcessGroupNCCL.cpp:2106] [PG ID 0 PG GUID 0(default_pg) Rank 0] First PG on this rank to signal dumping.
[rank1]:[E821 06:11:49.117929389 ProcessGroupNCCL.cpp:632] [Rank 1] Watchdog caught collective operation timeout: WorkNCCL(SeqNum=120, OpType=BROADCAST, NumelIn=64, NumelOut=64, Timeout(ms)=600000) ran for 600073 milliseconds before timing out.
[rank1]:[E821 06:11:49.118242402 ProcessGroupNCCL.cpp:2271] [PG ID 0 PG GUID 0(default_pg) Rank 1]  failure detected by watchdog at work sequence id: 120 PG status: last enqueued work: 120, last completed work: 119
[rank1]:[E821 06:11:49.118254229 ProcessGroupNCCL.cpp:670] Stack trace of the failed collective not found, potentially because FlightRecorder is disabled. You can enable it by setting TORCH_NCCL_TRACE_BUFFER_SIZE to a non-zero value.
[rank1]:[E821 06:11:49.118404007 ProcessGroupNCCL.cpp:2106] [PG ID 0 PG GUID 0(default_pg) Rank 1] First PG on this rank to signal dumping.
[rank0]:[E821 06:11:50.759752746 ProcessGroupNCCL.cpp:1746] [PG ID 0 PG GUID 0(default_pg) Rank 0] Received a dump signal due to a collective timeout from this local rank and we will try our best to dump the debug info. Last enqueued NCCL work: 120, last completed NCCL work: 119.This is most likely caused by incorrect usages of collectives, e.g., wrong sizes used across ranks, the order of collectives is not same for all ranks or the scheduled collective, for some reason, didn't run. Additionally, this can be caused by GIL deadlock or other reasons such as network errors or bugs in the communications library (e.g. NCCL), etc. 
[rank0]:[E821 06:11:50.760015847 ProcessGroupNCCL.cpp:1536] [PG ID 0 PG GUID 0(default_pg) Rank 0] ProcessGroupNCCL preparing to dump debug info. Include stack trace: 1
n213-017-130:4193:4882 [0] NCCL INFO misc/socket.cc:64 -> 3
n213-017-130:4193:4882 [0] NCCL INFO misc/socket.cc:80 -> 3
n213-017-130:4193:4882 [0] NCCL INFO misc/socket.cc:829 -> 3
n213-017-130:4193:4304 [0] NCCL INFO misc/socket.cc:881 -> 3
n213-017-130:4193:4882 [0] NCCL INFO misc/socket.cc:64 -> 3
n213-017-130:4193:4882 [0] NCCL INFO misc/socket.cc:80 -> 3
n213-017-130:4193:4882 [0] NCCL INFO misc/socket.cc:829 -> 3
[sft-train] epoch=1/3 step=20/1008 progress=1.98% train_loss=1.115857 train_structure_loss=0.229899 train_value_loss=0.001196 lr=9.997e-05,4.999e-04 elapsed=11m32s eta=9h30m23s
[rank1]:[E821 06:11:50.842786099 ProcessGroupNCCL.cpp:1746] [PG ID 0 PG GUID 0(default_pg) Rank 1] Received a dump signal due to a collective timeout from this local rank and we will try our best to dump the debug info. Last enqueued NCCL work: 120, last completed NCCL work: 119.This is most likely caused by incorrect usages of collectives, e.g., wrong sizes used across ranks, the order of collectives is not same for all ranks or the scheduled collective, for some reason, didn't run. Additionally, this can be caused by GIL deadlock or other reasons such as network errors or bugs in the communications library (e.g. NCCL), etc. 
[rank1]:[E821 06:11:50.842996870 ProcessGroupNCCL.cpp:1536] [PG ID 0 PG GUID 0(default_pg) Rank 1] ProcessGroupNCCL preparing to dump debug info. Include stack trace: 1
n213-017-130:4194:4885 [1] NCCL INFO misc/socket.cc:64 -> 3
n213-017-130:4194:4885 [1] NCCL INFO misc/socket.cc:80 -> 3
n213-017-130:4194:4885 [1] NCCL INFO misc/socket.cc:829 -> 3
n213-017-130:4193:4304 [0] NCCL INFO misc/socket.cc:881 -> 3
n213-017-130:4194:4885 [1] NCCL INFO misc/socket.cc:64 -> 3
n213-017-130:4194:4885 [1] NCCL INFO misc/socket.cc:80 -> 3
n213-017-130:4194:4885 [1] NCCL INFO misc/socket.cc:829 -> 3
n213-017-130:4194:4306 [1] NCCL INFO misc/socket.cc:881 -> 3
n213-017-130:4193:4882 [0] NCCL INFO comm 0x130f7ec0 rank 0 nranks 2 cudaDev 0 busId 10000 - Abort COMPLETE
[rank0]:[E821 06:11:50.209506284 ProcessGroupNCCL.cpp:684] [Rank 0] Some NCCL operations have failed or timed out. Due to the asynchronous nature of CUDA kernels, subsequent GPU operations might run on corrupted/incomplete data.
[rank0]:[E821 06:11:50.209529904 ProcessGroupNCCL.cpp:698] [Rank 0] To avoid data inconsistency, we are taking the entire process down.
[rank0]:[E821 06:11:50.211257176 ProcessGroupNCCL.cpp:1899] [PG ID 0 PG GUID 0(default_pg) Rank 0] Process group watchdog thread terminated with exception: [Rank 0] Watchdog caught collective operation timeout: WorkNCCL(SeqNum=120, OpType=_ALLGATHER_BASE, NumelIn=1, NumelOut=2, Timeout(ms)=600000) ran for 600045 milliseconds before timing out.
Exception raised from checkTimeout at /opt/tiger/compile_path/src/code.byted.org/pytorch/pytorch/torch/csrc/distributed/c10d/ProcessGroupNCCL.cpp:635 (most recent call first):
frame #0: c10::Error::Error(c10::SourceLocation, std::__cxx11::basic_string<char, std::char_traits<char>, std::allocator<char> >) + 0x97 (0x7f472918d037 in /usr/local/lib/python3.11/dist-packages/torch/lib/libc10.so)
frame #1: c10d::ProcessGroupNCCL::WorkNCCL::checkTimeout(std::optional<std::chrono::duration<long, std::ratio<1l, 1000l> > >) + 0x248 (0x7f46e86e8a58 in /usr/local/lib/python3.11/dist-packages/torch/lib/libtorch_cuda.so)
frame #2: c10d::ProcessGroupNCCL::watchdogHandler() + 0xbc0 (0x7f46e86ea2a0 in /usr/local/lib/python3.11/dist-packages/torch/lib/libtorch_cuda.so)
frame #3: c10d::ProcessGroupNCCL::ncclCommWatchdog() + 0x140 (0x7f46e86eb960 in /usr/local/lib/python3.11/dist-packages/torch/lib/libtorch_cuda.so)
frame #4: <unknown function> + 0xd44a3 (0x7f46bfdee4a3 in /usr/lib/x86_64-linux-gnu/libstdc++.so.6)
frame #5: <unknown function> + 0x891f5 (0x7f47583191f5 in /usr/lib/x86_64-linux-gnu/libc.so.6)
frame #6: <unknown function> + 0x10989c (0x7f475839989c in /usr/lib/x86_64-linux-gnu/libc.so.6)

terminate called after throwing an instance of 'c10::DistBackendError'
  what():  [PG ID 0 PG GUID 0(default_pg) Rank 0] Process group watchdog thread terminated with exception: [Rank 0] Watchdog caught collective operation timeout: WorkNCCL(SeqNum=120, OpType=_ALLGATHER_BASE, NumelIn=1, NumelOut=2, Timeout(ms)=600000) ran for 600045 milliseconds before timing out.
Exception raised from checkTimeout at /opt/tiger/compile_path/src/code.byted.org/pytorch/pytorch/torch/csrc/distributed/c10d/ProcessGroupNCCL.cpp:635 (most recent call first):
frame #0: c10::Error::Error(c10::SourceLocation, std::__cxx11::basic_string<char, std::char_traits<char>, std::allocator<char> >) + 0x97 (0x7f472918d037 in /usr/local/lib/python3.11/dist-packages/torch/lib/libc10.so)
frame #1: c10d::ProcessGroupNCCL::WorkNCCL::checkTimeout(std::optional<std::chrono::duration<long, std::ratio<1l, 1000l> > >) + 0x248 (0x7f46e86e8a58 in /usr/local/lib/python3.11/dist-packages/torch/lib/libtorch_cuda.so)
frame #2: c10d::ProcessGroupNCCL::watchdogHandler() + 0xbc0 (0x7f46e86ea2a0 in /usr/local/lib/python3.11/dist-packages/torch/lib/libtorch_cuda.so)
frame #3: c10d::ProcessGroupNCCL::ncclCommWatchdog() + 0x140 (0x7f46e86eb960 in /usr/local/lib/python3.11/dist-packages/torch/lib/libtorch_cuda.so)
frame #4: <unknown function> + 0xd44a3 (0x7f46bfdee4a3 in /usr/lib/x86_64-linux-gnu/libstdc++.so.6)
frame #5: <unknown function> + 0x891f5 (0x7f47583191f5 in /usr/lib/x86_64-linux-gnu/libc.so.6)
frame #6: <unknown function> + 0x10989c (0x7f475839989c in /usr/lib/x86_64-linux-gnu/libc.so.6)

Exception raised from ncclCommWatchdog at /opt/tiger/compile_path/src/code.byted.org/pytorch/pytorch/torch/csrc/distributed/c10d/ProcessGroupNCCL.cpp:1905 (most recent call first):
frame #0: c10::Error::Error(c10::SourceLocation, std::__cxx11::basic_string<char, std::char_traits<char>, std::allocator<char> >) + 0x97 (0x7f472918d037 in /usr/local/lib/python3.11/dist-packages/torch/lib/libc10.so)
frame #1: <unknown function> + 0x11c1b21 (0x7f46e86bab21 in /usr/local/lib/python3.11/dist-packages/torch/lib/libtorch_cuda.so)
frame #2: <unknown function> + 0xe11973 (0x7f46e830a973 in /usr/local/lib/python3.11/dist-packages/torch/lib/libtorch_cuda.so)
frame #3: <unknown function> + 0xd44a3 (0x7f46bfdee4a3 in /usr/lib/x86_64-linux-gnu/libstdc++.so.6)
frame #4: <unknown function> + 0x891f5 (0x7f47583191f5 in /usr/lib/x86_64-linux-gnu/libc.so.6)
frame #5: <unknown function> + 0x10989c (0x7f475839989c in /usr/lib/x86_64-linux-gnu/libc.so.6)

n213-017-130:4194:4885 [1] NCCL INFO comm 0x117e8a30 rank 1 nranks 2 cudaDev 1 busId 4a000 - Abort COMPLETE
[rank1]:[E821 06:11:50.418300584 ProcessGroupNCCL.cpp:684] [Rank 1] Some NCCL operations have failed or timed out. Due to the asynchronous nature of CUDA kernels, subsequent GPU operations might run on corrupted/incomplete data.
[rank1]:[E821 06:11:50.418335714 ProcessGroupNCCL.cpp:698] [Rank 1] To avoid data inconsistency, we are taking the entire process down.
[rank1]:[E821 06:11:50.419902367 ProcessGroupNCCL.cpp:1899] [PG ID 0 PG GUID 0(default_pg) Rank 1] Process group watchdog thread terminated with exception: [Rank 1] Watchdog caught collective operation timeout: WorkNCCL(SeqNum=120, OpType=BROADCAST, NumelIn=64, NumelOut=64, Timeout(ms)=600000) ran for 600073 milliseconds before timing out.
Exception raised from checkTimeout at /opt/tiger/compile_path/src/code.byted.org/pytorch/pytorch/torch/csrc/distributed/c10d/ProcessGroupNCCL.cpp:635 (most recent call first):
frame #0: c10::Error::Error(c10::SourceLocation, std::__cxx11::basic_string<char, std::char_traits<char>, std::allocator<char> >) + 0x97 (0x7f087558d037 in /usr/local/lib/python3.11/dist-packages/torch/lib/libc10.so)
frame #1: c10d::ProcessGroupNCCL::WorkNCCL::checkTimeout(std::optional<std::chrono::duration<long, std::ratio<1l, 1000l> > >) + 0x248 (0x7f0834ae8a58 in /usr/local/lib/python3.11/dist-packages/torch/lib/libtorch_cuda.so)
frame #2: c10d::ProcessGroupNCCL::watchdogHandler() + 0xbc0 (0x7f0834aea2a0 in /usr/local/lib/python3.11/dist-packages/torch/lib/libtorch_cuda.so)
frame #3: c10d::ProcessGroupNCCL::ncclCommWatchdog() + 0x140 (0x7f0834aeb960 in /usr/local/lib/python3.11/dist-packages/torch/lib/libtorch_cuda.so)
frame #4: <unknown function> + 0xd44a3 (0x7f080c1ee4a3 in /usr/lib/x86_64-linux-gnu/libstdc++.so.6)
frame #5: <unknown function> + 0x891f5 (0x7f08a46d81f5 in /usr/lib/x86_64-linux-gnu/libc.so.6)
frame #6: <unknown function> + 0x10989c (0x7f08a475889c in /usr/lib/x86_64-linux-gnu/libc.so.6)

terminate called after throwing an instance of 'c10::DistBackendError'
  what():  [PG ID 0 PG GUID 0(default_pg) Rank 1] Process group watchdog thread terminated with exception: [Rank 1] Watchdog caught collective operation timeout: WorkNCCL(SeqNum=120, OpType=BROADCAST, NumelIn=64, NumelOut=64, Timeout(ms)=600000) ran for 600073 milliseconds before timing out.
Exception raised from checkTimeout at /opt/tiger/compile_path/src/code.byted.org/pytorch/pytorch/torch/csrc/distributed/c10d/ProcessGroupNCCL.cpp:635 (most recent call first):
frame #0: c10::Error::Error(c10::SourceLocation, std::__cxx11::basic_string<char, std::char_traits<char>, std::allocator<char> >) + 0x97 (0x7f087558d037 in /usr/local/lib/python3.11/dist-packages/torch/lib/libc10.so)
frame #1: c10d::ProcessGroupNCCL::WorkNCCL::checkTimeout(std::optional<std::chrono::duration<long, std::ratio<1l, 1000l> > >) + 0x248 (0x7f0834ae8a58 in /usr/local/lib/python3.11/dist-packages/torch/lib/libtorch_cuda.so)
frame #2: c10d::ProcessGroupNCCL::watchdogHandler() + 0xbc0 (0x7f0834aea2a0 in /usr/local/lib/python3.11/dist-packages/torch/lib/libtorch_cuda.so)
frame #3: c10d::ProcessGroupNCCL::ncclCommWatchdog() + 0x140 (0x7f0834aeb960 in /usr/local/lib/python3.11/dist-packages/torch/lib/libtorch_cuda.so)
frame #4: <unknown function> + 0xd44a3 (0x7f080c1ee4a3 in /usr/lib/x86_64-linux-gnu/libstdc++.so.6)
frame #5: <unknown function> + 0x891f5 (0x7f08a46d81f5 in /usr/lib/x86_64-linux-gnu/libc.so.6)
frame #6: <unknown function> + 0x10989c (0x7f08a475889c in /usr/lib/x86_64-linux-gnu/libc.so.6)

Exception raised from ncclCommWatchdog at /opt/tiger/compile_path/src/code.byted.org/pytorch/pytorch/torch/csrc/distributed/c10d/ProcessGroupNCCL.cpp:1905 (most recent call first):
frame #0: c10::Error::Error(c10::SourceLocation, std::__cxx11::basic_string<char, std::char_traits<char>, std::allocator<char> >) + 0x97 (0x7f087558d037 in /usr/local/lib/python3.11/dist-packages/torch/lib/libc10.so)
frame #1: <unknown function> + 0x11c1b21 (0x7f0834abab21 in /usr/local/lib/python3.11/dist-packages/torch/lib/libtorch_cuda.so)
frame #2: <unknown function> + 0xe11973 (0x7f083470a973 in /usr/local/lib/python3.11/dist-packages/torch/lib/libtorch_cuda.so)
frame #3: <unknown function> + 0xd44a3 (0x7f080c1ee4a3 in /usr/lib/x86_64-linux-gnu/libstdc++.so.6)
frame #4: <unknown function> + 0x891f5 (0x7f08a46d81f5 in /usr/lib/x86_64-linux-gnu/libc.so.6)
frame #5: <unknown function> + 0x10989c (0x7f08a475889c in /usr/lib/x86_64-linux-gnu/libc.so.6)

W0821 06:11:56.131000 4171 torch/distributed/elastic/multiprocessing/api.py:900] Sending process 4194 closing signal SIGTERM
E0821 06:11:57.001000 4171 torch/distributed/elastic/multiprocessing/api.py:874] failed (exitcode: -6) local_rank: 0 (pid: 4193) of binary: /usr/bin/python3
Traceback (most recent call last):
  File "<frozen runpy>", line 198, in _run_module_as_main
  File "<frozen runpy>", line 88, in _run_code
  File "/usr/local/lib/python3.11/dist-packages/accelerate/commands/launch.py", line 1291, in <module>
    main()
  File "/usr/local/lib/python3.11/dist-packages/accelerate/commands/launch.py", line 1287, in main
    launch_command(args)
  File "/usr/local/lib/python3.11/dist-packages/accelerate/commands/launch.py", line 1272, in launch_command
    multi_gpu_launcher(args)
  File "/usr/local/lib/python3.11/dist-packages/accelerate/commands/launch.py", line 899, in multi_gpu_launcher
    distrib_run.run(args)
  File "/usr/local/lib/python3.11/dist-packages/torch/distributed/run.py", line 883, in run
    elastic_launch(
  File "/usr/local/lib/python3.11/dist-packages/torch/distributed/launcher/api.py", line 139, in __call__
    return launch_agent(self._config, self._entrypoint, list(args))
           ^^^^^^^^^^^^^^^^^^^^^^^^^^^^^^^^^^^^^^^^^^^^^^^^^^^^^^^^
  File "/usr/local/lib/python3.11/dist-packages/torch/distributed/launcher/api.py", line 270, in launch_agent
    raise ChildFailedError(
torch.distributed.elastic.multiprocessing.errors.ChildFailedError: 
=====================================================
sieve.cli.train_sft FAILED
-----------------------------------------------------
Failures:
  <NO_OTHER_FAILURES>
-----------------------------------------------------
Root Cause (first observed failure):
[0]:
  time      : 2026-08-21_06:11:56
  host      : n213-017-130.byted.org
  rank      : 0 (local_rank: 0)
  exitcode  : -6 (pid: 4193)
  error_file: <N/A>
  traceback : Signal 6 (SIGABRT) received by PID 4193
=====================================================
